// Bun Snapshot v1, https://goo.gl/fbAQLP

exports[`Schema Tests should export the schema 1`] = `
{
  "1": _ {
    "_def": {
      "catchall": _ {
        "_def": {
          "type": "never",
        },
        "_zod": {
          "bag": {},
          "constr": [Function: _],
          "def": {
            "type": "never",
          },
          "deferred": [
            [Function],
            [Function],
          ],
          "id": [native code],
          "parse": [Function],
          "run": [Function],
          "traits":           
Set {
            "ZodNever",
            "$ZodNever",
            "$ZodType",
            "ZodType",
          }
,
          "version": {
            "major": 4,
            "minor": 0,
            "patch": 0,
          },
        },
        "and": [Function],
        "array": [Function],
        "brand": [Function],
        "catch": [Function],
        "check": [Function],
        "clone": [Function],
        "def": {
          "type": "never",
        },
        "default": [Function],
        "describe": [Function],
        "description": [native code],
        "isNullable": [Function],
        "isOptional": [Function],
        "meta": [Function],
        "nonoptional": [Function],
        "nullable": [Function],
        "nullish": [Function],
        "optional": [Function],
        "or": [Function],
        "overwrite": [Function],
        "parse": [Function],
        "parseAsync": [Function: AsyncFunction],
        "pipe": [Function],
        "prefault": [Function],
        "readonly": [Function],
        "refine": [Function],
        "register": [Function],
        "safeParse": [Function],
        "safeParseAsync": [Function: AsyncFunction],
        "spa": [Function: AsyncFunction],
        "superRefine": [Function],
        "transform": [Function],
        "~standard": {
          "validate": [Function],
          "vendor": "zod",
          "version": 1,
        },
      },
      "shape": [native code],
      "type": "object",
    },
    "_zod": {
      "bag": {},
      "constr": [Function: _],
      "def": {
        "catchall": _ {
          "_def": {
            "type": "never",
          },
          "_zod": {
            "bag": {},
            "constr": [Function: _],
            "def": {
              "type": "never",
            },
            "deferred": [
              [Function],
              [Function],
            ],
            "id": [native code],
            "parse": [Function],
            "run": [Function],
            "traits":             
Set {
              "ZodNever",
              "$ZodNever",
              "$ZodType",
              "ZodType",
            }
,
            "version": {
              "major": 4,
              "minor": 0,
              "patch": 0,
            },
          },
          "and": [Function],
          "array": [Function],
          "brand": [Function],
          "catch": [Function],
          "check": [Function],
          "clone": [Function],
          "def": {
            "type": "never",
          },
          "default": [Function],
          "describe": [Function],
          "description": [native code],
          "isNullable": [Function],
          "isOptional": [Function],
          "meta": [Function],
          "nonoptional": [Function],
          "nullable": [Function],
          "nullish": [Function],
          "optional": [Function],
          "or": [Function],
          "overwrite": [Function],
          "parse": [Function],
          "parseAsync": [Function: AsyncFunction],
          "pipe": [Function],
          "prefault": [Function],
          "readonly": [Function],
          "refine": [Function],
          "register": [Function],
          "safeParse": [Function],
          "safeParseAsync": [Function: AsyncFunction],
          "spa": [Function: AsyncFunction],
          "superRefine": [Function],
          "transform": [Function],
          "~standard": {
            "validate": [Function],
            "vendor": "zod",
            "version": 1,
          },
        },
        "shape": [native code],
        "type": "object",
      },
      "deferred": [
        [Function],
        [Function],
      ],
      "id": [native code],
      "parse": [Function],
      "propValues": [native code],
      "run": [Function],
      "traits":       
Set {
        "ZodObject",
        "$ZodObject",
        "$ZodType",
        "ZodType",
      }
,
      "version": {
        "major": 4,
        "minor": 0,
        "patch": 0,
      },
    },
    "and": [Function],
    "array": [Function],
    "brand": [Function],
    "catch": [Function],
    "catchall": [Function],
    "check": [Function],
    "clone": [Function],
    "def": {
      "catchall": _ {
        "_def": {
          "type": "never",
        },
        "_zod": {
          "bag": {},
          "constr": [Function: _],
          "def": {
            "type": "never",
          },
          "deferred": [
            [Function],
            [Function],
          ],
          "id": [native code],
          "parse": [Function],
          "run": [Function],
          "traits":           
Set {
            "ZodNever",
            "$ZodNever",
            "$ZodType",
            "ZodType",
          }
,
          "version": {
            "major": 4,
            "minor": 0,
            "patch": 0,
          },
        },
        "and": [Function],
        "array": [Function],
        "brand": [Function],
        "catch": [Function],
        "check": [Function],
        "clone": [Function],
        "def": {
          "type": "never",
        },
        "default": [Function],
        "describe": [Function],
        "description": [native code],
        "isNullable": [Function],
        "isOptional": [Function],
        "meta": [Function],
        "nonoptional": [Function],
        "nullable": [Function],
        "nullish": [Function],
        "optional": [Function],
        "or": [Function],
        "overwrite": [Function],
        "parse": [Function],
        "parseAsync": [Function: AsyncFunction],
        "pipe": [Function],
        "prefault": [Function],
        "readonly": [Function],
        "refine": [Function],
        "register": [Function],
        "safeParse": [Function],
        "safeParseAsync": [Function: AsyncFunction],
        "spa": [Function: AsyncFunction],
        "superRefine": [Function],
        "transform": [Function],
        "~standard": {
          "validate": [Function],
          "vendor": "zod",
          "version": 1,
        },
      },
      "shape": [native code],
      "type": "object",
    },
    "default": [Function],
    "describe": [Function],
    "description": [native code],
    "extend": [Function],
    "isNullable": [Function],
    "isOptional": [Function],
    "keyof": [Function],
    "loose": [Function],
    "merge": [Function],
    "meta": [Function],
    "nonoptional": [Function],
    "nullable": [Function],
    "nullish": [Function],
    "omit": [Function],
    "optional": [Function],
    "or": [Function],
    "overwrite": [Function],
    "parse": [Function],
    "parseAsync": [Function: AsyncFunction],
    "partial": [Function],
    "passthrough": [Function],
    "pick": [Function],
    "pipe": [Function],
    "prefault": [Function],
    "readonly": [Function],
    "refine": [Function],
    "register": [Function],
    "required": [Function],
    "safeParse": [Function],
    "safeParseAsync": [Function: AsyncFunction],
    "shape": [native code],
    "spa": [Function: AsyncFunction],
    "strict": [Function],
    "strip": [Function],
    "superRefine": [Function],
    "transform": [Function],
    "~standard": {
      "validate": [Function],
      "vendor": "zod",
      "version": 1,
    },
  },
}
`;
